{
  "version": "1.5.0",
  "plugins_used": [
    {
      "name": "ArtifactoryDetector"
    },
    {
      "name": "AWSKeyDetector"
    },
    {
      "name": "AzureStorageKeyDetector"
    },
    {
      "name": "Base64HighEntropyString",
      "limit": 4.5
    },
    {
      "name": "BasicAuthDetector"
    },
    {
      "name": "CloudantDetector"
    },
    {
      "name": "DiscordBotTokenDetector"
    },
    {
      "name": "GitHubTokenDetector"
    },
    {
      "name": "GitLabTokenDetector"
    },
    {
      "name": "HexHighEntropyString",
      "limit": 3.0
    },
    {
      "name": "IbmCloudIamDetector"
    },
    {
      "name": "IbmCosHmacDetector"
    },
    {
      "name": "IPPublicDetector"
    },
    {
      "name": "JwtTokenDetector"
    },
    {
      "name": "KeywordDetector",
      "keyword_exclude": ""
    },
    {
      "name": "MailchimpDetector"
    },
    {
      "name": "NpmDetector"
    },
    {
      "name": "OpenAIDetector"
    },
    {
      "name": "PrivateKeyDetector"
    },
    {
      "name": "PypiTokenDetector"
    },
    {
      "name": "SendGridDetector"
    },
    {
      "name": "SlackDetector"
    },
    {
      "name": "SoftlayerDetector"
    },
    {
      "name": "SquareOAuthDetector"
    },
    {
      "name": "StripeDetector"
    },
    {
      "name": "TelegramBotTokenDetector"
    },
    {
      "name": "TwilioKeyDetector"
    }
  ],
  "filters_used": [
    {
      "path": "detect_secrets.filters.allowlist.is_line_allowlisted"
    },
    {
      "path": "detect_secrets.filters.common.is_baseline_file",
      "filename": ".secrets.baseline"
    },
    {
      "path": "detect_secrets.filters.common.is_ignored_due_to_verification_policies",
      "min_level": 2
    },
    {
      "path": "detect_secrets.filters.heuristic.is_indirect_reference"
    },
    {
      "path": "detect_secrets.filters.heuristic.is_likely_id_string"
    },
    {
      "path": "detect_secrets.filters.heuristic.is_lock_file"
    },
    {
      "path": "detect_secrets.filters.heuristic.is_not_alphanumeric_string"
    },
    {
      "path": "detect_secrets.filters.heuristic.is_potential_uuid"
    },
    {
      "path": "detect_secrets.filters.heuristic.is_prefixed_with_dollar_sign"
    },
    {
      "path": "detect_secrets.filters.heuristic.is_sequential_string"
    },
    {
      "path": "detect_secrets.filters.heuristic.is_swagger_file"
    },
    {
      "path": "detect_secrets.filters.heuristic.is_templated_secret"
    },
    {
      "path": "detect_secrets.filters.regex.should_exclude_file",
      "pattern": [
        "^(?:DATA|ComfyUI|\\.obsidian|knowledge_base/ingested_corpus)(?:/|$)"
      ]
    }
  ],
  "results": {
    "config/artifact_integrity.json": [
      {
        "type": "Hex High Entropy String",
        "filename": "config/artifact_integrity.json",
        "hashed_secret": "af9709a094dac5fb233b7f9cfc077b7da6e9a6c6",
        "is_verified": false,
        "line_number": 4
      },
      {
        "type": "Hex High Entropy String",
        "filename": "config/artifact_integrity.json",
        "hashed_secret": "4850c0d172951ecf8354d43f88165a6ddf0ead0d",
        "is_verified": false,
        "line_number": 6
      }
    ],
    "config/omnirouter.json": [
      {
        "type": "Secret Keyword",
        "filename": "config/omnirouter.json",
        "hashed_secret": "4835254aab9494e03d8b72e816719a4914612587",
        "is_verified": false,
        "line_number": 117
      },
      {
        "type": "Secret Keyword",
        "filename": "config/omnirouter.json",
        "hashed_secret": "3e10d010e7dfb478858d30459fa03f3824340d47",
        "is_verified": false,
        "line_number": 127
      },
      {
        "type": "Secret Keyword",
        "filename": "config/omnirouter.json",
        "hashed_secret": "02ecb94373bfb3dfe827ca18409f50b016e8302a",
        "is_verified": false,
        "line_number": 137
      },
      {
        "type": "Secret Keyword",
        "filename": "config/omnirouter.json",
        "hashed_secret": "f8ca0d7266886f4b5be9adddc9b66017b3bf1a4b",
        "is_verified": false,
        "line_number": 147
      },
      {
        "type": "Secret Keyword",
        "filename": "config/omnirouter.json",
        "hashed_secret": "97ebd8cdea0b54bbcd8734279a78a419bb4eeb48",
        "is_verified": false,
        "line_number": 157
      },
      {
        "type": "Secret Keyword",
        "filename": "config/omnirouter.json",
        "hashed_secret": "319608a684d2f387e6d2469c45de78fafec48fd4",
        "is_verified": false,
        "line_number": 167
      },
      {
        "type": "Secret Keyword",
        "filename": "config/omnirouter.json",
        "hashed_secret": "5310a428a374b7be3574e6db76ee6dbaa8c79aca",
        "is_verified": false,
        "line_number": 177
      },
      {
        "type": "Secret Keyword",
        "filename": "config/omnirouter.json",
        "hashed_secret": "96133e4265d7a277409c8094e5eff6a41934cf07",
        "is_verified": false,
        "line_number": 187
      }
    ],
    "config/training.json": [
      {
        "type": "Hex High Entropy String",
        "filename": "config/training.json",
        "hashed_secret": "fa4279886b3e3e797297a54306e8f3ad43629146",
        "is_verified": false,
        "line_number": 4,
        "is_secret": false
      },
      {
        "type": "Hex High Entropy String",
        "filename": "config/training.json",
        "hashed_secret": "61677d98a18220a5274a181afc3e852ab5b9781d",
        "is_verified": false,
        "line_number": 8,
        "is_secret": false
      }
    ],
    "skills-lock.json": [
      {
        "type": "Hex High Entropy String",
        "filename": "skills-lock.json",
        "hashed_secret": "8176f3a990c4ae1f6eb147bd9527a5b077d9ad73",
        "is_verified": false,
        "line_number": 8
      },
      {
        "type": "Hex High Entropy String",
        "filename": "skills-lock.json",
        "hashed_secret": "0ac82c9719655e6e4f696039d3058de87f55da44",
        "is_verified": false,
        "line_number": 14
      },
      {
        "type": "Hex High Entropy String",
        "filename": "skills-lock.json",
        "hashed_secret": "0c9c1649645c08e08f720fd3248591fb8ea1a6e7",
        "is_verified": false,
        "line_number": 20
      },
      {
        "type": "Hex High Entropy String",
        "filename": "skills-lock.json",
        "hashed_secret": "7d654370cc939a30f145f42c82804decee2cef18",
        "is_verified": false,
        "line_number": 26
      },
      {
        "type": "Hex High Entropy String",
        "filename": "skills-lock.json",
        "hashed_secret": "710d05b7c6a86d7c22cebe878feb2055d3ed7240",
        "is_verified": false,
        "line_number": 32
      },
      {
        "type": "Hex High Entropy String",
        "filename": "skills-lock.json",
        "hashed_secret": "22725899f83bda1f6447f13e323d098ed94f90c9",
        "is_verified": false,
        "line_number": 38
      },
      {
        "type": "Hex High Entropy String",
        "filename": "skills-lock.json",
        "hashed_secret": "d6bc918fccef42b7985e52b88ee44794f68b9129",
        "is_verified": false,
        "line_number": 44
      },
      {
        "type": "Hex High Entropy String",
        "filename": "skills-lock.json",
        "hashed_secret": "6dfba1d0f844a3279b4bf89ec54a97d5fc072336",
        "is_verified": false,
        "line_number": 50
      },
      {
        "type": "Hex High Entropy String",
        "filename": "skills-lock.json",
        "hashed_secret": "a3fba66b34ad02d53b67fa944d41f8316207a0d3",
        "is_verified": false,
        "line_number": 56
      },
      {
        "type": "Hex High Entropy String",
        "filename": "skills-lock.json",
        "hashed_secret": "fcfc036f1df0a53fc655c85b738d38031f25e343",
        "is_verified": false,
        "line_number": 62
      },
      {
        "type": "Hex High Entropy String",
        "filename": "skills-lock.json",
        "hashed_secret": "ac353713b0559ae6b8dbd8f4cdd1c792799788e6",
        "is_verified": false,
        "line_number": 68
      },
      {
        "type": "Hex High Entropy String",
        "filename": "skills-lock.json",
        "hashed_secret": "63fee1be884dc8e780b811766c5cfce70b52bd09",
        "is_verified": false,
        "line_number": 74
      },
      {
        "type": "Hex High Entropy String",
        "filename": "skills-lock.json",
        "hashed_secret": "abeaf54a7007375315514f369771ad57f849ef18",
        "is_verified": false,
        "line_number": 80
      },
      {
        "type": "Hex High Entropy String",
        "filename": "skills-lock.json",
        "hashed_secret": "2e729e9eddb58d51b7e33dfa3ea9b823bed9a622",
        "is_verified": false,
        "line_number": 86
      },
      {
        "type": "Hex High Entropy String",
        "filename": "skills-lock.json",
        "hashed_secret": "84e6cef96c5c9517677ef10003af68e08c4b0f8a",
        "is_verified": false,
        "line_number": 92
      },
      {
        "type": "Hex High Entropy String",
        "filename": "skills-lock.json",
        "hashed_secret": "c2b7b72570902645968730fe3ad7b56ebae9460e",
        "is_verified": false,
        "line_number": 98
      },
      {
        "type": "Hex High Entropy String",
        "filename": "skills-lock.json",
        "hashed_secret": "75495988cc4277423ae65d93548fb570780a5fb8",
        "is_verified": false,
        "line_number": 104
      },
      {
        "type": "Hex High Entropy String",
        "filename": "skills-lock.json",
        "hashed_secret": "6fa0a139270bdcc30545ca100b4591cb63382d05",
        "is_verified": false,
        "line_number": 110
      },
      {
        "type": "Hex High Entropy String",
        "filename": "skills-lock.json",
        "hashed_secret": "482f1733143f357d30de146a4153c92f75e365ba",
        "is_verified": false,
        "line_number": 116
      },
      {
        "type": "Hex High Entropy String",
        "filename": "skills-lock.json",
        "hashed_secret": "468525e1b4e3eeb7bfff84aa7c4de79bd617041a",
        "is_verified": false,
        "line_number": 122
      },
      {
        "type": "Hex High Entropy String",
        "filename": "skills-lock.json",
        "hashed_secret": "ced73d379d82dcd8f3d07504668f6f65054817a4",
        "is_verified": false,
        "line_number": 128
      },
      {
        "type": "Hex High Entropy String",
        "filename": "skills-lock.json",
        "hashed_secret": "d7c3a643b2afbdd33b007a97836a11c1dfb42f05",
        "is_verified": false,
        "line_number": 134
      },
      {
        "type": "Hex High Entropy String",
        "filename": "skills-lock.json",
        "hashed_secret": "8bef644bd693b19ac0654baf4971d4fbe03f0fc3",
        "is_verified": false,
        "line_number": 140
      },
      {
        "type": "Hex High Entropy String",
        "filename": "skills-lock.json",
        "hashed_secret": "1f5f1e599dc15495862a416b2c950804d77066c3",
        "is_verified": false,
        "line_number": 146
      },
      {
        "type": "Hex High Entropy String",
        "filename": "skills-lock.json",
        "hashed_secret": "82de2f797b76351fa7d172dab30526f92230b2ed",
        "is_verified": false,
        "line_number": 152
      },
      {
        "type": "Hex High Entropy String",
        "filename": "skills-lock.json",
        "hashed_secret": "75d68734119c5229c7d2009d09eccf81e2cee6cb",
        "is_verified": false,
        "line_number": 158
      },
      {
        "type": "Hex High Entropy String",
        "filename": "skills-lock.json",
        "hashed_secret": "1619a169bd3b3c0ebc2c0ef577ef4a273b1535b9",
        "is_verified": false,
        "line_number": 164
      },
      {
        "type": "Hex High Entropy String",
        "filename": "skills-lock.json",
        "hashed_secret": "9f1799ca0831bd6fdd7ffa3ef792b7aaaa3b62c8",
        "is_verified": false,
        "line_number": 170
      },
      {
        "type": "Hex High Entropy String",
        "filename": "skills-lock.json",
        "hashed_secret": "4dec34c01b3db02a73286bda090c35308ca3fe83",
        "is_verified": false,
        "line_number": 176
      },
      {
        "type": "Hex High Entropy String",
        "filename": "skills-lock.json",
        "hashed_secret": "d874e38eab7f2f6764ee06850d4c4dc3a80e9dc3",
        "is_verified": false,
        "line_number": 182
      },
      {
        "type": "Hex High Entropy String",
        "filename": "skills-lock.json",
        "hashed_secret": "eb5f063845c23ea30b78c25785209ba4dd807618",
        "is_verified": false,
        "line_number": 188
      },
      {
        "type": "Hex High Entropy String",
        "filename": "skills-lock.json",
        "hashed_secret": "a13cd744273c15a4158df17a5680c16e9888c9dc",
        "is_verified": false,
        "line_number": 194
      },
      {
        "type": "Hex High Entropy String",
        "filename": "skills-lock.json",
        "hashed_secret": "3faf64ce8cd34f740896617fd06fb1fb8c9cf1a0",
        "is_verified": false,
        "line_number": 200
      },
      {
        "type": "Hex High Entropy String",
        "filename": "skills-lock.json",
        "hashed_secret": "b18aef08a8d51a2140ab356c267cae1b75877e8e",
        "is_verified": false,
        "line_number": 206
      },
      {
        "type": "Hex High Entropy String",
        "filename": "skills-lock.json",
        "hashed_secret": "189212361333cdddd6c45eb0eab160c2323040ae",
        "is_verified": false,
        "line_number": 212
      },
      {
        "type": "Hex High Entropy String",
        "filename": "skills-lock.json",
        "hashed_secret": "37b23636c9bd0cbcabfff84085296bf0735b6a3a",
        "is_verified": false,
        "line_number": 218
      },
      {
        "type": "Hex High Entropy String",
        "filename": "skills-lock.json",
        "hashed_secret": "b631ef40bcbd5a8fcbe1b743a9dde98f74b368f5",
        "is_verified": false,
        "line_number": 224
      },
      {
        "type": "Hex High Entropy String",
        "filename": "skills-lock.json",
        "hashed_secret": "59457857475242b94bea0fa22ca5c97438e60e8e",
        "is_verified": false,
        "line_number": 230
      }
    ],
    "src/reins/harness/models.py": [
      {
        "type": "Secret Keyword",
        "filename": "src/reins/harness/models.py",
        "hashed_secret": "4835254aab9494e03d8b72e816719a4914612587",
        "is_verified": false,
        "line_number": 463
      },
      {
        "type": "Secret Keyword",
        "filename": "src/reins/harness/models.py",
        "hashed_secret": "97ebd8cdea0b54bbcd8734279a78a419bb4eeb48",
        "is_verified": false,
        "line_number": 470
      },
      {
        "type": "Secret Keyword",
        "filename": "src/reins/harness/models.py",
        "hashed_secret": "319608a684d2f387e6d2469c45de78fafec48fd4",
        "is_verified": false,
        "line_number": 477
      },
      {
        "type": "Secret Keyword",
        "filename": "src/reins/harness/models.py",
        "hashed_secret": "5310a428a374b7be3574e6db76ee6dbaa8c79aca",
        "is_verified": false,
        "line_number": 484
      },
      {
        "type": "Secret Keyword",
        "filename": "src/reins/harness/models.py",
        "hashed_secret": "96133e4265d7a277409c8094e5eff6a41934cf07",
        "is_verified": false,
        "line_number": 491
      }
    ],
    "src/reins/training/config.py": [
      {
        "type": "Hex High Entropy String",
        "filename": "src/reins/training/config.py",
        "hashed_secret": "fa4279886b3e3e797297a54306e8f3ad43629146",
        "is_verified": false,
        "line_number": 30
      },
      {
        "type": "Hex High Entropy String",
        "filename": "src/reins/training/config.py",
        "hashed_secret": "61677d98a18220a5274a181afc3e852ab5b9781d",
        "is_verified": false,
        "line_number": 40
      }
    ],
    "tests/test_vault_security.py": [
      {
        "type": "Base64 High Entropy String",
        "filename": "tests/test_vault_security.py",
        "hashed_secret": "6bfa12c707ce5f2f12944618d80ebf8f572413a7",
        "is_verified": false,
        "line_number": 44
      }
    ]
  },
  "generated_at": "2026-08-16T17:46:53Z"
}
