2026-07-02 14:42:39,609 - data_nexus - INFO - Starting Data Nexus PON Daemon (Zero-Polling).
2026-07-02 14:42:39,611 - data_nexus - INFO - Data Nexus connected to broker. Subscribing to triggers.
2026-07-02 14:45:03,093 - data_nexus - WARNING - Nexus is already processing an insight. Skipping this trigger.
2026-07-02 14:47:40,155 - data_nexus - INFO - Data Nexus triggered. Initiating observation cycle...
2026-07-02 14:51:38,349 - data_nexus - INFO - Insight generated and saved as nexus_insight_20260702_145138.md.
2026-07-02 14:52:40,404 - data_nexus - INFO - Data Nexus triggered. Initiating observation cycle...
2026-07-02 14:57:17,372 - data_nexus - INFO - Insight generated and saved as nexus_insight_20260702_145717.md.
2026-07-02 14:57:44,159 - data_nexus - INFO - Data Nexus triggered. Initiating observation cycle...
2026-07-02 15:01:22,812 - data_nexus - INFO - Insight generated and saved as nexus_insight_20260702_150122.md.
2026-07-02 15:02:45,407 - data_nexus - INFO - Data Nexus triggered. Initiating observation cycle...
2026-07-02 15:06:33,951 - data_nexus - INFO - Insight generated and saved as nexus_insight_20260702_150633.md.
2026-07-02 15:07:46,404 - data_nexus - INFO - Data Nexus triggered. Initiating observation cycle...
2026-07-02 15:10:33,228 - data_nexus - INFO - Insight generated and saved as nexus_insight_20260702_151033.md.
2026-07-02 15:12:47,157 - data_nexus - INFO - Data Nexus triggered. Initiating observation cycle...
2026-07-02 15:15:23,852 - data_nexus - INFO - Insight generated and saved as nexus_insight_20260702_151523.md.
2026-07-02 15:17:49,240 - data_nexus - INFO - Data Nexus triggered. Initiating observation cycle...
2026-07-02 15:22:07,043 - data_nexus - INFO - Insight generated and saved as nexus_insight_20260702_152207.md.
2026-07-02 15:22:50,401 - data_nexus - INFO - Data Nexus triggered. Initiating observation cycle...
2026-07-02 15:25:59,908 - data_nexus - INFO - Insight generated and saved as nexus_insight_20260702_152559.md.
2026-07-02 15:27:50,534 - data_nexus - INFO - Data Nexus triggered. Initiating observation cycle...
2026-07-02 15:32:37,665 - data_nexus - INFO - Insight generated and saved as nexus_insight_20260702_153237.md.
2026-07-02 15:32:51,410 - data_nexus - INFO - Data Nexus triggered. Initiating observation cycle...
2026-07-02 15:37:53,419 - data_nexus - WARNING - Nexus is already processing an insight. Skipping this trigger.
2026-07-02 15:39:05,717 - data_nexus - INFO - Insight generated and saved as nexus_insight_20260702_153905.md.
2026-07-02 15:42:53,653 - data_nexus - INFO - Data Nexus triggered. Initiating observation cycle...
2026-07-02 15:47:11,969 - data_nexus - INFO - Insight generated and saved as nexus_insight_20260702_154711.md.
2026-07-02 15:47:57,410 - data_nexus - INFO - Data Nexus triggered. Initiating observation cycle...
2026-07-02 15:52:59,422 - data_nexus - WARNING - Nexus is already processing an insight. Skipping this trigger.
2026-07-02 15:54:37,282 - data_nexus - INFO - Insight generated and saved as nexus_insight_20260702_155437.md.
2026-07-02 15:58:00,409 - data_nexus - INFO - Data Nexus triggered. Initiating observation cycle...
2026-07-02 16:02:56,381 - data_nexus - INFO - Insight generated and saved as nexus_insight_20260702_160256.md.
2026-07-02 16:03:00,412 - data_nexus - INFO - Data Nexus triggered. Initiating observation cycle...
2026-07-02 16:06:38,142 - data_nexus - INFO - Insight generated and saved as nexus_insight_20260702_160638.md.
2026-07-02 16:08:04,407 - data_nexus - INFO - Data Nexus triggered. Initiating observation cycle...
2026-07-02 16:12:37,428 - data_nexus - INFO - Insight generated and saved as nexus_insight_20260702_161237.md.
2026-07-02 16:13:08,385 - data_nexus - INFO - Data Nexus triggered. Initiating observation cycle...
2026-07-02 16:18:08,411 - data_nexus - WARNING - Nexus is already processing an insight. Skipping this trigger.
2026-07-02 16:20:29,457 - data_nexus - INFO - Insight generated and saved as nexus_insight_20260702_162029.md.
2026-07-02 16:23:10,405 - data_nexus - INFO - Data Nexus triggered. Initiating observation cycle...
